This file contains the rendered output per line and its associated metadata.

Lines that begin with a line number contains (after the '|') the contents that
will be inserted into the vim buffer at that line. The immediately following
line contains an object representing associated metadata.
-------------------------------------------------------------------------------

001|^N{[+] ^S{net::HttpAuthHandlerNegotiateTest_NoKerberosCredentials_Test::TestBody()}S_
   |{'s': 'cpp:net::class-HttpAuthHandlerNegotiateTest_NoKerberosCredentials_Test::TestBody()@chromium/../../net/http/http_auth_handler_negotiate_unittest.cc|def', 'j': ('src/net/http/http_auth_handler_negotiate_unittest.cc', 356, 10)}
002|
   |{}
003|}N_
   |{}
